2025-07-15 19:29:46 Loading main app package /usr/lib/obsidian/obsidian.asar
2025-07-15 19:29:47 Checking for update using Github
2025-07-15 19:29:47 Success.
2025-07-15 19:29:47 Latest version is 1.8.10
2025-07-15 19:29:47 App is up to date.
2025-07-15 20:29:46 Checking for update using Github
2025-07-15 20:29:47 Success.
2025-07-15 20:29:47 Latest version is 1.8.10
2025-07-15 20:29:47 App is up to date.
2025-07-15 21:24:16 Loading main app package /usr/lib/obsidian/obsidian.asar
2025-07-15 21:24:17 Checking for update using Github
2025-07-18 21:06:45 Loading main app package /usr/lib/obsidian/obsidian.asar
2025-07-18 21:06:45 Checking for update using Github
2025-07-18 21:06:46 Success.
2025-07-18 21:06:46 Latest version is 1.8.10
2025-07-18 21:06:46 App is up to date.
2025-07-18 21:14:40 Loading main app package /usr/lib/obsidian/obsidian.asar
2025-07-18 21:14:40 Checking for update using Github
2025-07-18 21:14:41 Success.
2025-07-18 21:14:41 Latest version is 1.8.10
2025-07-18 21:14:41 App is up to date.
2025-07-18 21:47:17 Loading main app package /usr/lib/obsidian/obsidian.asar
2025-07-18 21:47:18 Checking for update using Github
2025-07-18 21:47:18 Success.
2025-07-18 21:47:18 Latest version is 1.8.10
2025-07-18 21:47:18 App is up to date.
2025-07-18 22:10:43 Loading main app package /usr/lib/obsidian/obsidian.asar
2025-07-18 22:10:44 Checking for update using Github
2025-07-18 22:10:44 Success.
2025-07-18 22:10:44 Latest version is 1.8.10
2025-07-18 22:10:44 App is up to date.
2025-07-19 16:01:01 Loading main app package /usr/lib/obsidian/obsidian.asar
2025-07-19 16:01:01 Checking for update using Github
2025-07-19 16:01:01 Success.
2025-07-19 16:01:01 Latest version is 1.8.10
2025-07-19 16:01:01 App is up to date.
2025-07-19 17:01:01 Checking for update using Github
2025-07-19 17:01:01 Success.
2025-07-19 17:01:01 Latest version is 1.8.10
2025-07-19 17:01:01 App is up to date.
2025-07-19 21:17:52 Loading main app package /usr/lib/obsidian/obsidian.asar
2025-07-19 21:17:52 Checking for update using Github
2025-07-19 21:17:52 Success.
2025-07-19 21:17:52 Latest version is 1.8.10
2025-07-19 21:17:52 App is up to date.
2025-07-19 22:04:32 Loading main app package /usr/lib/obsidian/obsidian.asar
2025-07-19 22:04:32 Checking for update using Github
2025-07-19 23:03:29 Loading main app package /usr/lib/obsidian/obsidian.asar
2025-07-19 23:03:29 Checking for update using Github
2025-07-19 23:03:29 Success.
2025-07-19 23:03:29 Latest version is 1.8.10
2025-07-19 23:03:29 App is up to date.
2025-07-20 00:03:29 Checking for update using Github
2025-07-20 00:03:29 Success.
2025-07-20 00:03:29 Latest version is 1.8.10
2025-07-20 00:03:29 App is up to date.
2025-07-20 23:10:56 Loading main app package /usr/lib/obsidian/obsidian.asar
2025-07-20 23:10:56 Checking for update using Github
2025-07-20 23:10:57 Success.
2025-07-20 23:10:57 Latest version is 1.8.10
2025-07-20 23:10:57 App is up to date.
2025-07-20 23:55:01 Loading main app package /usr/lib/obsidian/obsidian.asar
2025-07-20 23:55:01 Checking for update using Github
2025-07-20 23:55:01 Success.
2025-07-20 23:55:01 Latest version is 1.8.10
2025-07-20 23:55:01 App is up to date.
2025-07-21 00:55:01 Checking for update using Github
2025-07-21 00:55:06 Success.
2025-07-21 00:55:06 Latest version is 1.8.10
2025-07-21 00:55:06 App is up to date.
2025-07-21 01:55:01 Checking for update using Github
2025-07-21 01:55:01 Success.
2025-07-21 01:55:01 Latest version is 1.8.10
2025-07-21 01:55:01 App is up to date.
2025-07-22 00:55:31 Loading main app package /usr/lib/obsidian/obsidian.asar
2025-07-22 00:55:32 Checking for update using Github
2025-07-22 00:55:37 Success.
2025-07-22 00:55:37 Latest version is 1.8.10
2025-07-22 00:55:37 App is up to date.
2025-07-22 22:10:45 Loading main app package /usr/lib/obsidian/obsidian.asar
2025-07-22 22:10:46 Checking for update using Github
2025-07-22 22:10:46 Success.
2025-07-22 22:10:46 Latest version is 1.8.10
2025-07-22 22:10:46 App is up to date.
2025-07-22 23:10:45 Checking for update using Github
2025-07-22 23:10:50 Success.
2025-07-22 23:10:50 Latest version is 1.8.10
2025-07-22 23:10:50 App is up to date.
2025-07-23 00:10:45 Checking for update using Github
2025-07-23 00:10:45 Success.
2025-07-23 00:10:45 Latest version is 1.8.10
2025-07-23 00:10:45 App is up to date.
2025-07-23 01:10:45 Checking for update using Github
2025-07-23 01:10:45 Success.
2025-07-23 01:10:45 Latest version is 1.8.10
2025-07-23 01:10:45 App is up to date.
2025-07-24 01:46:11 Loading main app package /usr/lib/obsidian/obsidian.asar
2025-07-24 01:46:11 Checking for update using Github
2025-07-24 01:46:17 Success.
2025-07-24 01:46:17 Latest version is 1.8.10
2025-07-24 01:46:17 App is up to date.
2025-07-24 02:46:11 Checking for update using Github
2025-07-24 02:46:11 Success.
2025-07-24 02:46:11 Latest version is 1.8.10
2025-07-24 02:46:11 App is up to date.
2025-07-24 03:46:11 Checking for update using Github
2025-07-24 03:46:11 Success.
2025-07-24 03:46:11 Latest version is 1.8.10
2025-07-24 03:46:11 App is up to date.
2025-07-24 04:29:33 Loading main app package /usr/lib/obsidian/obsidian.asar
2025-07-24 04:29:34 Checking for update using Github
2025-07-24 04:29:34 Success.
2025-07-24 04:29:34 Latest version is 1.8.10
2025-07-24 04:29:34 App is up to date.
2025-07-26 00:41:47 Loading main app package /usr/lib/obsidian/obsidian.asar
2025-07-26 00:41:48 Checking for update using Github
2025-07-26 00:41:48 Success.
2025-07-26 00:41:48 Latest version is 1.8.10
2025-07-26 00:41:48 App is up to date.
2025-07-26 01:41:47 Checking for update using Github
2025-07-26 01:41:48 Success.
2025-07-26 01:41:48 Latest version is 1.8.10
2025-07-26 01:41:48 App is up to date.
2025-07-26 02:41:48 Checking for update using Github
2025-07-26 02:41:48 Success.
2025-07-26 02:41:48 Latest version is 1.8.10
2025-07-26 02:41:48 App is up to date.
2025-07-26 02:48:34 Loading main app package /usr/lib/obsidian/obsidian.asar
2025-07-26 02:48:34 Checking for update using Github
2025-07-26 02:48:40 Success.
2025-07-26 02:48:40 Latest version is 1.8.10
2025-07-26 02:48:40 App is up to date.
2025-07-26 03:21:10 Loading main app package /usr/lib/obsidian/obsidian.asar
2025-07-26 03:21:10 Checking for update using Github
2025-07-26 03:21:11 Success.
2025-07-26 03:21:11 Latest version is 1.8.10
2025-07-26 03:21:11 App is up to date.
2025-08-13 23:03:33 Loading main app package /usr/lib/obsidian/obsidian.asar
2025-08-13 23:03:34 Checking for update using Github
2025-08-13 23:03:34 Success.
2025-08-13 23:03:34 Latest version is 1.8.10
2025-08-13 23:03:34 App is up to date.
2025-08-14 00:58:04 Loading main app package /usr/lib/obsidian/obsidian.asar
2025-08-14 00:58:04 Checking for update using Github
2025-08-14 00:58:04 Success.
2025-08-14 00:58:04 Latest version is 1.8.10
2025-08-14 00:58:04 App is up to date.
2025-08-15 00:53:13 Loading main app package /usr/lib/obsidian/obsidian.asar
2025-08-15 00:53:13 Checking for update using Github
2025-08-15 00:53:13 Success.
2025-08-15 00:53:13 Latest version is 1.8.10
2025-08-15 00:53:13 App is up to date.
2025-08-15 01:53:13 Checking for update using Github
2025-08-15 01:53:13 Success.
2025-08-15 01:53:13 Latest version is 1.8.10
2025-08-15 01:53:13 App is up to date.
2025-08-15 23:11:43 Loading main app package /usr/lib/obsidian/obsidian.asar
2025-08-15 23:11:43 Checking for update using Github
2025-08-15 23:11:43 Success.
2025-08-15 23:11:43 Latest version is 1.8.10
2025-08-15 23:11:43 App is up to date.
2025-08-16 00:54:19 Loading main app package /usr/lib/obsidian/obsidian.asar
2025-08-16 00:54:20 Checking for update using Github
2025-08-16 00:54:20 Success.
2025-08-16 00:54:20 Latest version is 1.8.10
2025-08-16 00:54:20 App is up to date.
2025-08-16 01:54:19 Checking for update using Github
2025-08-16 01:54:19 Success.
2025-08-16 01:54:19 Latest version is 1.8.10
2025-08-16 01:54:19 App is up to date.
2025-08-16 02:54:19 Checking for update using Github
2025-08-16 02:54:19 Success.
2025-08-16 02:54:19 Latest version is 1.8.10
2025-08-16 02:54:19 App is up to date.
2025-08-16 03:49:52 Loading main app package /usr/lib/obsidian/obsidian.asar
2025-08-16 03:49:52 Checking for update using Github
2025-08-16 03:49:52 Success.
2025-08-16 03:49:52 Latest version is 1.8.10
2025-08-16 03:49:52 App is up to date.
2025-08-16 04:49:52 Checking for update using Github
2025-08-16 04:49:52 Success.
2025-08-16 04:49:52 Latest version is 1.8.10
2025-08-16 04:49:52 App is up to date.
2025-08-16 05:46:04 Loading main app package /usr/lib/obsidian/obsidian.asar
2025-08-16 05:46:04 Checking for update using Github
2025-08-16 05:46:04 Success.
2025-08-16 05:46:04 Latest version is 1.8.10
2025-08-16 05:46:04 App is up to date.
2025-08-16 17:36:12 Loading main app package /usr/lib/obsidian/obsidian.asar
2025-08-16 17:36:12 Checking for update using Github
2025-08-16 17:36:13 Success.
2025-08-16 17:36:13 Latest version is 1.8.10
2025-08-16 17:36:13 App is up to date.
2025-08-16 18:36:12 Checking for update using Github
2025-08-16 18:36:12 Success.
2025-08-16 18:36:12 Latest version is 1.8.10
2025-08-16 18:36:12 App is up to date.
2025-08-16 19:36:12 Checking for update using Github
2025-08-16 19:36:12 Success.
2025-08-16 19:36:12 Latest version is 1.8.10
2025-08-16 19:36:12 App is up to date.
2025-08-16 20:36:12 Checking for update using Github
2025-08-16 20:36:12 Success.
2025-08-16 20:36:12 Latest version is 1.8.10
2025-08-16 20:36:12 App is up to date.
2025-08-16 21:36:12 Checking for update using Github
2025-08-16 21:36:12 Success.
2025-08-16 21:36:12 Latest version is 1.8.10
2025-08-16 21:36:12 App is up to date.
2025-08-16 22:36:12 Checking for update using Github
2025-08-16 22:36:12 Success.
2025-08-16 22:36:12 Latest version is 1.8.10
2025-08-16 22:36:12 App is up to date.
2025-08-16 23:36:12 Checking for update using Github
2025-08-16 23:36:12 Success.
2025-08-16 23:36:12 Latest version is 1.8.10
2025-08-16 23:36:12 App is up to date.
2025-08-17 00:36:12 Checking for update using Github
2025-08-17 00:36:12 Success.
2025-08-17 00:36:12 Latest version is 1.8.10
2025-08-17 00:36:12 App is up to date.
2025-08-17 01:36:12 Checking for update using Github
2025-08-17 01:36:12 Success.
2025-08-17 01:36:12 Latest version is 1.8.10
2025-08-17 01:36:12 App is up to date.
2025-08-17 02:36:12 Checking for update using Github
2025-08-17 02:36:12 Success.
2025-08-17 02:36:12 Latest version is 1.8.10
2025-08-17 02:36:12 App is up to date.
2025-08-17 03:36:12 Checking for update using Github
2025-08-17 03:36:12 Success.
2025-08-17 03:36:12 Latest version is 1.8.10
2025-08-17 03:36:12 App is up to date.
2025-08-17 18:58:25 Loading main app package /usr/lib/obsidian/obsidian.asar
2025-08-17 18:58:26 Checking for update using Github
2025-08-17 18:58:26 Success.
2025-08-17 18:58:26 Latest version is 1.8.10
2025-08-17 18:58:26 App is up to date.
2025-08-17 19:58:25 Checking for update using Github
2025-08-17 19:58:26 Success.
2025-08-17 19:58:26 Latest version is 1.8.10
2025-08-17 19:58:26 App is up to date.
2025-08-18 00:07:46 Loading main app package /usr/lib/obsidian/obsidian.asar
2025-08-18 00:07:46 Checking for update using Github
2025-08-18 00:07:46 Success.
2025-08-18 00:07:46 Latest version is 1.8.10
2025-08-18 00:07:46 App is up to date.
2025-08-18 01:07:46 Checking for update using Github
2025-08-18 01:07:46 Success.
2025-08-18 01:07:46 Latest version is 1.8.10
2025-08-18 01:07:46 App is up to date.
2025-08-19 21:59:19 Loading main app package /usr/lib/obsidian/obsidian.asar
2025-08-19 21:59:20 Checking for update using Github
2025-08-19 21:59:20 Success.
2025-08-19 21:59:20 Latest version is 1.9.10
2025-08-19 21:59:20 App is up to date.
2025-08-19 22:59:19 Checking for update using Github
2025-08-19 22:59:19 Success.
2025-08-19 22:59:19 Latest version is 1.9.10
2025-08-19 22:59:19 App is up to date.
2025-08-20 00:13:24 Loading main app package /usr/lib/obsidian/obsidian.asar
2025-08-20 00:13:24 Checking for update using Github
2025-08-20 00:13:24 Success.
2025-08-20 00:13:24 Latest version is 1.9.10
2025-08-20 00:13:24 App is up to date.
2025-08-20 01:13:24 Checking for update using Github
2025-08-20 01:13:24 Success.
2025-08-20 01:13:24 Latest version is 1.9.10
2025-08-20 01:13:24 App is up to date.
2025-08-20 02:13:24 Checking for update using Github
2025-08-20 02:13:24 Success.
2025-08-20 02:13:24 Latest version is 1.9.10
2025-08-20 02:13:24 App is up to date.
2025-08-20 03:13:24 Checking for update using Github
2025-08-20 03:13:24 Success.
2025-08-20 03:13:24 Latest version is 1.9.10
2025-08-20 03:13:24 App is up to date.
2025-08-20 23:55:14 Loading main app package /usr/lib/obsidian/obsidian.asar
2025-08-20 23:55:14 Checking for update using Github
2025-08-20 23:55:14 Success.
2025-08-20 23:55:14 Latest version is 1.9.10
2025-08-20 23:55:14 App is up to date.
2025-08-21 00:55:14 Checking for update using Github
2025-08-21 00:55:14 Success.
2025-08-21 00:55:14 Latest version is 1.9.10
2025-08-21 00:55:14 App is up to date.
2025-08-21 01:55:14 Checking for update using Github
2025-08-21 01:55:14 Success.
2025-08-21 01:55:14 Latest version is 1.9.10
2025-08-21 01:55:14 App is up to date.
2025-08-21 23:00:06 Loading main app package /usr/lib/obsidian/obsidian.asar
2025-08-21 23:00:06 Checking for update using Github
2025-08-21 23:00:06 Success.
2025-08-21 23:00:06 Latest version is 1.9.10
2025-08-21 23:00:06 App is up to date.
2025-08-22 00:00:06 Checking for update using Github
2025-08-22 00:00:06 Success.
2025-08-22 00:00:06 Latest version is 1.9.10
2025-08-22 00:00:06 App is up to date.
2025-08-22 01:00:06 Checking for update using Github
2025-08-22 01:00:06 Success.
2025-08-22 01:00:06 Latest version is 1.9.10
2025-08-22 01:00:06 App is up to date.
2025-08-22 02:00:06 Checking for update using Github
2025-08-22 02:00:06 Success.
2025-08-22 02:00:06 Latest version is 1.9.10
2025-08-22 02:00:06 App is up to date.
2025-08-22 03:00:06 Checking for update using Github
2025-08-22 03:00:06 Success.
2025-08-22 03:00:06 Latest version is 1.9.10
2025-08-22 03:00:06 App is up to date.
2025-08-22 04:00:06 Checking for update using Github
2025-08-22 04:00:06 Success.
2025-08-22 04:00:06 Latest version is 1.9.10
2025-08-22 04:00:06 App is up to date.
2025-08-23 16:35:30 Loading main app package /usr/lib/obsidian/obsidian.asar
2025-08-23 16:35:30 Checking for update using Github
2025-08-23 16:35:31 Success.
2025-08-23 16:35:31 Latest version is 1.9.10
2025-08-23 16:35:31 App is up to date.
2025-08-24 03:23:48 Loading main app package /usr/lib/obsidian/obsidian.asar
2025-08-24 03:23:49 Checking for update using Github
2025-08-24 03:23:49 Success.
2025-08-24 03:23:49 Latest version is 1.9.10
2025-08-24 03:23:49 App is up to date.
2025-08-24 15:37:34 Loading main app package /usr/lib/obsidian/obsidian.asar
2025-08-24 15:37:34 Checking for update using Github
2025-08-24 15:37:34 Success.
2025-08-24 15:37:34 Latest version is 1.9.10
2025-08-24 15:37:34 App is up to date.
