- Using Emacs 30.1 @ /usr/bin/emacs
> Synchronizing "default" profile...
  > Ensuring packages are installed and built...
    > Updating recipe repos...
      > Updating recipes for melpa...
      > Updating recipes for nongnu-elpa...
      > Updating recipes for gnu-elpa-mirror...
      > Updating recipes for el-get...
      > Updating recipes for emacsmirror-mirror...
    > Cloning org-roam-ui...
    > Building org-roam-ui...
    > Building org-roam-ui > Cloning org-roam...
    > Building org-roam-ui > Building org-roam...
    > Building org-roam-ui > Building org-roam > Cloning emacsql...
    > Building org-roam-ui > Building org-roam > Building emacsql...
      INFO     Scraping 8 files for loaddefs... 
      INFO     Scraping 8 files for loaddefs...done
      GEN      emacsql-autoloads.el
    > Building org-roam-ui > Building org-roam...
      INFO     Scraping 15 files for loaddefs... 
      INFO     Scraping 15 files for loaddefs...done
      GEN      org-roam-autoloads.el
    > Building org-roam-ui > Cloning emacs-web-server (for simple-httpd)...
    > Building org-roam-ui > Building simple-httpd...
      INFO     Scraping 1 files for loaddefs... 
      INFO     Scraping 1 files for loaddefs...done
      GEN      simple-httpd-autoloads.el
    > Building org-roam-ui > Cloning emacs-websocket...
    > Building org-roam-ui > Building websocket...
      INFO     Scraping 1 files for loaddefs... 
      INFO     Scraping 1 files for loaddefs...done
    > Building org-roam-ui...
      INFO     Scraping 1 files for loaddefs... 
      INFO     Scraping 1 files for loaddefs...done
      GEN      org-roam-ui-autoloads.el
    > Cloning tldr.el...
    > Building tldr...
      INFO     Scraping 1 files for loaddefs... 
      INFO     Scraping 1 files for loaddefs...done
      GEN      tldr-autoloads.el
    > Cloning emms...
      - Pinned to e5f46561c3c140d774354f91d1e95c60039a1934
    > Building emms...
      INFO     Scraping 69 files for loaddefs... 
      INFO     Scraping 69 files for loaddefs...done
      GEN      emms-autoloads.el
    > Cloning org-gcal.el...
      - Checked out 9f9d93e4f0d5863b1318e9e702e1ee6e841c2649
    > Building org-gcal...
    > Building org-gcal > Cloning emacs-aio...
    > Building org-gcal > Building aio...
      INFO     Scraping 1 files for loaddefs... 
      INFO     Scraping 1 files for loaddefs...done
    > Building org-gcal > Cloning alert...
    > Building org-gcal > Building alert...
    > Building org-gcal > Building alert > Cloning gntp.el...
    > Building org-gcal > Building alert > Building gntp...
      INFO     Scraping 1 files for loaddefs... 
      INFO     Scraping 1 files for loaddefs...done
      GEN      gntp-autoloads.el
    > Building org-gcal > Building alert > Cloning log4e...
    > Building org-gcal > Building alert > Building log4e...
      INFO     Scraping 1 files for loaddefs... 
      INFO     Scraping 1 files for loaddefs...done
      GEN      log4e-autoloads.el
    > Building org-gcal > Building alert...
      INFO     Scraping 1 files for loaddefs... 
      INFO     Scraping 1 files for loaddefs...done
      GEN      alert-autoloads.el
    > Building org-gcal > Cloning elnode...
    > Building org-gcal > Building elnode...
    > Building org-gcal > Building elnode > Cloning emacs-web...
    > Building org-gcal > Building elnode > Building web...
      INFO     Scraping 1 files for loaddefs... 
      INFO     Scraping 1 files for loaddefs...done
      GEN      web-autoloads.el
    > Building org-gcal > Building elnode > Cloning emacs-noflet...
    > Building org-gcal > Building elnode > Building noflet...
      INFO     Scraping 1 files for loaddefs... 
      INFO     Scraping 1 files for loaddefs...done
    > Building org-gcal > Building elnode > Cloning elwikicreole (for creole)...
    > Building org-gcal > Building elnode > Building creole...
    > Building org-gcal > Building elnode > Building creole > Cloning emacs-kv...
    > Building org-gcal > Building elnode > Building creole > Building kv...
      INFO     Scraping 1 files for loaddefs... 
      INFO     Scraping 1 files for loaddefs...done
    > Building org-gcal > Building elnode > Building creole...
      INFO     Scraping 1 files for loaddefs... 
      INFO     Scraping 1 files for loaddefs...done
      GEN      creole-autoloads.el
    > Building org-gcal > Building elnode > Cloning emacs-fakir...
    > Building org-gcal > Building elnode > Building fakir...
      INFO     Scraping 1 files for loaddefs... 
      INFO     Scraping 1 files for loaddefs...done
    > Building org-gcal > Building elnode > Cloning emacs-db...
    > Building org-gcal > Building elnode > Building db...
      INFO     Scraping 1 files for loaddefs... 
      INFO     Scraping 1 files for loaddefs...done
    > Building org-gcal > Building elnode...
      INFO     Scraping 8 files for loaddefs... 
      INFO     Scraping 8 files for loaddefs...done
      GEN      elnode-autoloads.el
    > Building org-gcal > Cloning persist...
    > Building org-gcal > Building persist...
      INFO     Scraping 2 files for loaddefs... 
      INFO     Scraping 2 files for loaddefs...done
    > Building org-gcal > Building request-deferred...
    > Building org-gcal > Building request-deferred > Cloning emacs-deferred...
    > Building org-gcal > Building request-deferred > Building deferred...
      INFO     Scraping 1 files for loaddefs... 
      INFO     Scraping 1 files for loaddefs...done
    > Building org-gcal > Building request-deferred...
      INFO     Scraping 1 files for loaddefs... 
      INFO     Scraping 1 files for loaddefs...done
    > Building org-gcal...
      INFO     Scraping 4 files for loaddefs... 
      INFO     Scraping 4 files for loaddefs...done
      GEN      org-gcal-autoloads.el
    > Cloning emacs-calfw (for calfw-ical)...
      - Checked out 03abce97620a4a7f7ec5f911e669da9031ab9088
    > Building calfw-ical...
      INFO     Scraping 1 files for loaddefs... 
      INFO     Scraping 1 files for loaddefs...done
    > Building calfw-cal...
      INFO     Scraping 1 files for loaddefs... 
      INFO     Scraping 1 files for loaddefs...done
    > Building calfw-org...
      INFO     Scraping 1 files for loaddefs... 
      INFO     Scraping 1 files for loaddefs...done
    > Building calfw...
      INFO     Scraping 1 files for loaddefs... 
      INFO     Scraping 1 files for loaddefs...done
    > Cloning zig-mode...
      - Pinned to c46d024733b7c1d6af829bb610fc9629b060bc9e
    > Building zig-mode...
    > Building zig-mode > Cloning emacs-reformatter...
      - Pinned to c46d024733b7c1d6af829bb610fc9629b060bc9e
    > Building zig-mode > Building reformatter...
      INFO     Scraping 1 files for loaddefs... 
      INFO     Scraping 1 files for loaddefs...done
      GEN      reformatter-autoloads.el
    > Building zig-mode...
      INFO     Scraping 1 files for loaddefs... 
      INFO     Scraping 1 files for loaddefs...done
      GEN      zig-mode-autoloads.el
    > Cloning rainbow-mode...
      - Pinned to 2e6b18609c2fdd1a2dc513937a64d276fd6cf24c
    > Building rainbow-mode...
      INFO     Scraping 2 files for loaddefs... 
      INFO     Scraping 2 files for loaddefs...done
      GEN      rainbow-mode-autoloads.el
    > Cloning jade-mode (for sws-mode)...
      - Checked out 1ad7c51f3c6a6ae64550d9510c5e4e8470014375
    > Building sws-mode...
      INFO     Scraping 1 files for loaddefs... 
      INFO     Scraping 1 files for loaddefs...done
      GEN      sws-mode-autoloads.el
    > Building stylus-mode...
      INFO     Scraping 1 files for loaddefs... 
      INFO     Scraping 1 files for loaddefs...done
      GEN      stylus-mode-autoloads.el
    > Cloning sass-mode...
      - Pinned to 247a0d4b509f10b28e4687cd8763492bca03599b
    > Building sass-mode...
    > Building sass-mode > Cloning haml-mode...
      - Pinned to 247a0d4b509f10b28e4687cd8763492bca03599b
    > Building sass-mode > Building haml-mode...
      INFO     Scraping 1 files for loaddefs... 
      INFO     Scraping 1 files for loaddefs...done
      GEN      haml-mode-autoloads.el
    > Building sass-mode...
      INFO     Scraping 1 files for loaddefs... 
      INFO     Scraping 1 files for loaddefs...done
      GEN      sass-mode-autoloads.el
    > Cloning web-mode...
      - Pinned to be2d59c8fa02b1a45ae54ce4079e502e659cefe6
    > Building web-mode...
      INFO     Scraping 1 files for loaddefs... 
      INFO     Scraping 1 files for loaddefs...done
      GEN      web-mode-autoloads.el
    > Cloning emacs-slim (for slim-mode)...
      - Checked out 8c92169817f2fa59255f547f0a9fb4fbb8309db9
    > Building slim-mode...
      INFO     Scraping 1 files for loaddefs... 
      INFO     Scraping 1 files for loaddefs...done
      GEN      slim-mode-autoloads.el
    > Cloning emacs-pug-mode...
      - Checked out 73f8c2f95eba695f701df20c8436f49abadebdc1
    > Building pug-mode...
      INFO     Scraping 1 files for loaddefs... 
      INFO     Scraping 1 files for loaddefs...done
      GEN      pug-mode-autoloads.el
    > Cloning emmet-mode...
      - Pinned to 322d3bb112fced57d63b44863357f7a0b7eee1e3
    > Building emmet-mode...
      INFO     Scraping 1 files for loaddefs... 
      INFO     Scraping 1 files for loaddefs...done
      GEN      emmet-mode-autoloads.el
    > Cloning flycheck-swift...
      - Pinned to 4c5ad401252400a78da395fd56a71e67ff8c2761
    > Building flycheck-swift...
      INFO     Scraping 1 files for loaddefs... 
      INFO     Scraping 1 files for loaddefs...done
      GEN      flycheck-swift-autoloads.el
    > Cloning swift-mode...
      - Pinned to e30b9d46e031fd25e794f00f23b6427f44f7d221
    > Building swift-mode...
      INFO     Scraping 9 files for loaddefs... 
      INFO     Scraping 9 files for loaddefs...done
      GEN      swift-mode-autoloads.el
    > Cloning rustic...
      - Pinned to 29f912c7505e0c5a4f52122d67ae4259af90937e
    > Building rustic...
    > Building rustic > Cloning rust-mode...
      - Pinned to 29f912c7505e0c5a4f52122d67ae4259af90937e
    > Building rustic > Building rust-mode...
      INFO     Scraping 9 files for loaddefs... 
      INFO     Scraping 9 files for loaddefs...done
      GEN      rust-mode-autoloads.el
    > Building rustic > Cloning spinner...
      - Pinned to 29f912c7505e0c5a4f52122d67ae4259af90937e
    > Building rustic > Building spinner...
      INFO     Scraping 2 files for loaddefs... 
      INFO     Scraping 2 files for loaddefs...done
      GEN      spinner-autoloads.el
    > Building rustic > Cloning xterm-color...
      - Pinned to 29f912c7505e0c5a4f52122d67ae4259af90937e
    > Building rustic > Building xterm-color...
      INFO     Scraping 1 files for loaddefs... 
      INFO     Scraping 1 files for loaddefs...done
      GEN      xterm-color-autoloads.el
    > Building rustic...
      INFO     Scraping 16 files for loaddefs... 
      INFO     Scraping 16 files for loaddefs...done
      GEN      rustic-autoloads.el
    > Cloning py-isort.el...
      - Checked out e67306f459c47c53a65604e4eea88a3914596560
    > Building py-isort...
      INFO     Scraping 1 files for loaddefs... 
      INFO     Scraping 1 files for loaddefs...done
      GEN      py-isort-autoloads.el
    > Cloning pyimport...
      - Pinned to 4398ce8dd64fa0f685f4bf8683a35087649346d3
    > Building pyimport...
    > Building pyimport > Cloning shut-up...
      - Pinned to 4398ce8dd64fa0f685f4bf8683a35087649346d3
    > Building pyimport > Building shut-up...
      INFO     Scraping 1 files for loaddefs... 
      INFO     Scraping 1 files for loaddefs...done
      GEN      shut-up-autoloads.el
    > Building pyimport...
      INFO     Scraping 1 files for loaddefs... 
      INFO     Scraping 1 files for loaddefs...done
      GEN      pyimport-autoloads.el
    > Cloning emacs-python-pytest...
      - Checked out 25d9801562a789ea5debceb1992bd528ebb4f689
    > Building python-pytest...
      INFO     Scraping 1 files for loaddefs... 
      INFO     Scraping 1 files for loaddefs...done
      GEN      python-pytest-autoloads.el
    > Cloning nose...
      - Pinned to f8528297519eba911696c4e68fa88892de9a7b72
    > Building nose...
      INFO     Scraping 1 files for loaddefs... 
      INFO     Scraping 1 files for loaddefs...done
    > Cloning pyvenv...
      - Pinned to 31ea715f2164dd611e7fc77b26390ef3ca93509b
    > Building pyvenv...
      INFO     Scraping 1 files for loaddefs... 
      INFO     Scraping 1 files for loaddefs...done
      GEN      pyvenv-autoloads.el
    > Cloning pipenv.el...
      - Checked out 3af159749824c03f59176aff7f66ddd6a5785a10
    > Building pipenv...
    > Building pipenv > Cloning emacs-load-env-vars...
    > Building pipenv > Building load-env-vars...
      INFO     Scraping 1 files for loaddefs... 
      INFO     Scraping 1 files for loaddefs...done
      GEN      load-env-vars-autoloads.el
    > Building pipenv...
      INFO     Scraping 1 files for loaddefs... 
      INFO     Scraping 1 files for loaddefs...done
      GEN      pipenv-autoloads.el
    > Cloning pip-requirements.el...
      - Checked out 31e0dc62abb2d88fa765e0ea88b919d756cc0e4f
    > Building pip-requirements...
      INFO     Scraping 1 files for loaddefs... 
      INFO     Scraping 1 files for loaddefs...done
      GEN      pip-requirements-autoloads.el
    > Cloning cdlatex...
      - Pinned to fac070f0164ac9f5859cb4cccba7d29a65c337f3
    > Building cdlatex...
      INFO     Scraping 1 files for loaddefs... 
      INFO     Scraping 1 files for loaddefs...done
      GEN      cdlatex-autoloads.el
    > Cloning evil-tex...
      - Pinned to 2a3177c818f106e6c11032ac261f8691f5e11f74
    > Building evil-tex...
    > Building evil-tex > Cloning auctex...
      - Pinned to 2a3177c818f106e6c11032ac261f8691f5e11f74
    > Building evil-tex > Building auctex...
      INFO     Scraping 25 files for loaddefs... 
      INFO     Scraping 25 files for loaddefs...done
      GEN      auctex-autoloads.el
    > Building evil-tex...
      INFO     Scraping 1 files for loaddefs... 
      INFO     Scraping 1 files for loaddefs...done
      GEN      evil-tex-autoloads.el
    > Cloning auctex-cont-latexmk...
      - Pinned to 88c5f04d841c212d2b8331153e9e5c2767cb7197
    > Building auctex-cont-latexmk...
      INFO     Scraping 2 files for loaddefs... 
      INFO     Scraping 2 files for loaddefs...done
      GEN      auctex-cont-latexmk-autoloads.el
    > Cloning adaptive-wrap...
      - Pinned to d75665b9c88e65f91dadd1e5880905bbdb7c09b7
    > Building adaptive-wrap...
      INFO     Scraping 2 files for loaddefs... 
      INFO     Scraping 2 files for loaddefs...done
      GEN      adaptive-wrap-autoloads.el
    > Cloning xref-js2...
      - Pinned to e215af9eedac69b40942fff9d5514704f9f4d43e
    > Building xref-js2...
    > Building xref-js2 > Cloning js2-mode...
      - Pinned to e215af9eedac69b40942fff9d5514704f9f4d43e
    > Building xref-js2 > Building js2-mode...
      INFO     Scraping 3 files for loaddefs... 
      INFO     Scraping 3 files for loaddefs...done
      GEN      js2-mode-autoloads.el
    > Building xref-js2...
      INFO     Scraping 1 files for loaddefs... 
      INFO     Scraping 1 files for loaddefs...done
      GEN      xref-js2-autoloads.el
    > Cloning tide...
      - Pinned to 6a35fe355f1442da34b976bf2decf008d6e4f991
    > Building tide...
      INFO     Scraping 2 files for loaddefs... 
      INFO     Scraping 2 files for loaddefs...done
      GEN      tide-autoloads.el
    > Cloning skewer-mode...
      - Pinned to e5bed351939c92a1f788f78398583c2f83f1bb3c
    > Building skewer-mode...
      INFO     Scraping 8 files for loaddefs... 
      INFO     Scraping 8 files for loaddefs...done
      GEN      skewer-mode-autoloads.el
    > Cloning nodejs-repl.el...
      - Checked out 130d49b073a50b7aad472ae8cd05848a9840e480
    > Building nodejs-repl...
      INFO     Scraping 1 files for loaddefs... 
      INFO     Scraping 1 files for loaddefs...done
      GEN      nodejs-repl-autoloads.el
    > Cloning npm-mode...
      - Pinned to 3ee7c0bad5b7a041d4739ef3aaa06a3dc764e5eb
    > Building npm-mode...
      INFO     Scraping 1 files for loaddefs... 
    npm-mode: Warning: Use keywords rather than deprecated positional arguments to ‘define-minor-mode’
      INFO     Scraping 1 files for loaddefs...done
      GEN      npm-mode-autoloads.el
    > Cloning js2-refactor.el...
      - Checked out e1177c728ae52a5e67157fb18ee1409d8e95386a
    > Building js2-refactor...
    > Building js2-refactor > Cloning multiple-cursors.el...
    > Building js2-refactor > Building multiple-cursors...
      INFO     Scraping 9 files for loaddefs... 
      INFO     Scraping 9 files for loaddefs...done
      GEN      multiple-cursors-autoloads.el
    > Building js2-refactor...
      INFO     Scraping 10 files for loaddefs... 
      INFO     Scraping 10 files for loaddefs...done
      GEN      js2-refactor-autoloads.el
    > Cloning typescript.el (for typescript-mode)...
      - Checked out 481df3ad2cdf569d8e6697679669ff6206fbd2f9
    > Building typescript-mode...
      INFO     Scraping 2 files for loaddefs... 
      INFO     Scraping 2 files for loaddefs...done
      GEN      typescript-mode-autoloads.el
    > Cloning rjsx-mode...
      - Pinned to b697fe4d92cc84fa99a7bcb476f815935ea0d919
    > Building rjsx-mode...
      INFO     Scraping 1 files for loaddefs... 
      INFO     Scraping 1 files for loaddefs...done
      GEN      rjsx-mode-autoloads.el
    > Cloning emacs-ccls...
      - Checked out 5636ee6c501355eb0acc75f71569688857f8c10d
    > Building ccls...
    > Building ccls > Cloning lsp-mode...
      - Checked out 3a96df0dd7ca8e53c5ed6f72edbd64fa1f0d9d2c
    > Building ccls > Building lsp-mode...
    > Building ccls > Building lsp-mode > Cloning hydra (for lv)...
    > Building ccls > Building lsp-mode > Building lv...
      INFO     Scraping 1 files for loaddefs... 
      INFO     Scraping 1 files for loaddefs...done
    > Building ccls > Building lsp-mode > Cloning eldoc...
    > Building ccls > Building lsp-mode > Building eldoc...
      INFO     Scraping 2 files for loaddefs... 
      INFO     Scraping 2 files for loaddefs...done
      GEN      eldoc-autoloads.el
    > Building ccls > Building lsp-mode...
      INFO     Scraping 143 files for loaddefs... 
      INFO     Scraping 143 files for loaddefs...done
      GEN      lsp-mode-autoloads.el
    > Building ccls...
      INFO     Scraping 8 files for loaddefs... 
      INFO     Scraping 8 files for loaddefs...done
    > Cloning glsl-mode...
      - Pinned to 86e6bb6cf28d1053366039683a4498401bab9c47
    > Building glsl-mode...
      INFO     Scraping 3 files for loaddefs... 
      INFO     Scraping 3 files for loaddefs...done
      GEN      glsl-mode-autoloads.el
    > Cloning modern-cpp-font-lock...
      - Pinned to 43c6b68ff58fccdf9deef11674a172e4eaa8455c
    > Building modern-cpp-font-lock...
      INFO     Scraping 1 files for loaddefs... 
      INFO     Scraping 1 files for loaddefs...done
      GEN      modern-cpp-font-lock-autoloads.el
    > Cloning opencl-mode...
      - Pinned to 204d5d9e0f5cb2cbe810f2933230eb08fe2c7695
    > Building opencl-mode...
      INFO     Scraping 1 files for loaddefs... 
      INFO     Scraping 1 files for loaddefs...done
      GEN      opencl-mode-autoloads.el
    > Cloning disaster...
      - Pinned to 8b445913221feb0c196e943106643040118bcd77
    > Building disaster...
      INFO     Scraping 1 files for loaddefs... 
      INFO     Scraping 1 files for loaddefs...done
      GEN      disaster-autoloads.el
    > Cloning demangle-mode...
      - Pinned to 04f545adab066708d6151f13da65aaf519f8ac4e
    > Building demangle-mode...
      INFO     Scraping 1 files for loaddefs... 
      INFO     Scraping 1 files for loaddefs...done
      GEN      demangle-mode-autoloads.el
    > Cloning cuda-mode...
      - Pinned to c3dae31b3d1abedf4d0b98840127e2cac73d6ad8
    > Building cuda-mode...
      INFO     Scraping 1 files for loaddefs... 
      INFO     Scraping 1 files for loaddefs...done
      GEN      cuda-mode-autoloads.el
    > Cloning cmake-mode...
      - Pinned to b08b5d9045308362a623a4f576896d55ffecfd52
    > Building cmake-mode...
      INFO     Scraping 1 files for loaddefs... 
      INFO     Scraping 1 files for loaddefs...done
      GEN      cmake-mode-autoloads.el
    > Cloning consult-lsp...
      - Pinned to aef321d03907ca6926b0cf20ca85f672c4744000
    > Building consult-lsp...
      INFO     Scraping 1 files for loaddefs... 
      INFO     Scraping 1 files for loaddefs...done
      GEN      consult-lsp-autoloads.el
    > Cloning lsp-ui...
      - Pinned to a0dde8b52b4411cbac2eb053ef1515635ea0b7ed
    > Building lsp-ui...
      INFO     Scraping 7 files for loaddefs... 
      INFO     Scraping 7 files for loaddefs...done
      GEN      lsp-ui-autoloads.el
    > Cloning emacs-libvterm (for vterm)...
      - Checked out 056ad74653704bc353d8ec8ab52ac75267b7d373
    > Building vterm...
      INFO     Scraping 1 files for loaddefs... 
      INFO     Scraping 1 files for loaddefs...done
      GEN      vterm-autoloads.el
    > Cloning emacs-neotree...
      - Checked out 4a4cd8576157a39c0fdb478a2887c01ccfe1aec9
    > Building neotree...
      INFO     Scraping 1 files for loaddefs... 
      INFO     Scraping 1 files for loaddefs...done
      GEN      neotree-autoloads.el
    ✓ Built 82 package(s)
  > Updating pinned packages...
    - (25/210) request-deferred is up-to-date...
    - (43/210) magit-section is up-to-date...
    - (48/210) link-hint is up-to-date...
    - (49/210) emms is up-to-date...
    - (50/210) org-gcal is up-to-date...
    - (51/210) calfw-ical is up-to-date...
    - (52/210) calfw-cal is up-to-date...
    - (53/210) calfw-org is up-to-date...
    - (54/210) calfw is up-to-date...
    - (55/210) zig-mode is up-to-date...
    - (56/210) rainbow-mode is up-to-date...
    - (57/210) sws-mode is up-to-date...
    - (58/210) stylus-mode is up-to-date...
    - (59/210) sass-mode is up-to-date...
    - (60/210) web-mode is up-to-date...
    - (61/210) slim-mode is up-to-date...
    - (62/210) pug-mode is up-to-date...
    - (63/210) haml-mode is up-to-date...
    - (64/210) emmet-mode is up-to-date...
    - (65/210) flycheck-swift is up-to-date...
    - (66/210) swift-mode is up-to-date...
    - (67/210) bash-completion is up-to-date...
    - (68/210) rustic is up-to-date...
    - (69/210) rust-mode is up-to-date...
    - (70/210) py-isort is up-to-date...
    - (71/210) pyimport is up-to-date...
    - (72/210) python-pytest is up-to-date...
    - (73/210) nose is up-to-date...
    - (74/210) pyvenv is up-to-date...
    - (75/210) pipenv is up-to-date...
    - (76/210) pip-requirements is up-to-date...
    - (77/210) ob-async is up-to-date...
    - (79/210) orgit is up-to-date...
    - (80/210) evil-org is up-to-date...
    - (81/210) org-cliplink is up-to-date...
    - (82/210) toc-org is up-to-date...
    - (83/210) ox-clip is up-to-date...
    - (84/210) htmlize is up-to-date...
    - (85/210) avy is up-to-date...
    - (86/210) org-contrib is up-to-date...
    - (87/210) org is up-to-date...
    - (88/210) evil-markdown is up-to-date...
    - (89/210) edit-indirect is up-to-date...
    - (90/210) markdown-toc is up-to-date...
    - (91/210) markdown-mode is up-to-date...
    - (92/210) cdlatex is up-to-date...
    - (93/210) evil-tex is up-to-date...
    - (94/210) auctex-cont-latexmk is up-to-date...
    - (95/210) adaptive-wrap is up-to-date...
    - (96/210) auctex is up-to-date...
    - (97/210) xref-js2 is up-to-date...
    - (98/210) tide is up-to-date...
    - (99/210) skewer-mode is up-to-date...
    - (100/210) nodejs-repl is up-to-date...
    - (101/210) npm-mode is up-to-date...
    - (102/210) js2-refactor is up-to-date...
    - (103/210) typescript-mode is up-to-date...
    - (104/210) rjsx-mode is up-to-date...
    - (105/210) buttercup is up-to-date...
    - (106/210) flycheck-package is up-to-date...
    - (107/210) elisp-demos is up-to-date...
    - (108/210) elisp-def is up-to-date...
    - (109/210) overseer is up-to-date...
    - (110/210) macrostep is up-to-date...
    - (111/210) helpful is up-to-date...
    - (112/210) highlight-quoted is up-to-date...
    - (113/210) ccls is up-to-date...
    - (114/210) glsl-mode is up-to-date...
    - (115/210) modern-cpp-font-lock is up-to-date...
    - (116/210) opencl-mode is up-to-date...
    - (117/210) disaster is up-to-date...
    - (118/210) demangle-mode is up-to-date...
    - (119/210) cuda-mode is up-to-date...
    - (120/210) cmake-mode is up-to-date...
    - (121/210) magit is up-to-date...
    - (122/210) transient is up-to-date...
    - (123/210) consult-lsp is up-to-date...
    - (124/210) lsp-ui is up-to-date...
    - (125/210) lsp-mode is up-to-date...
    - (126/210) request is up-to-date...
    - (127/210) dumb-jump is up-to-date...
    - (128/210) eros is up-to-date...
    - (129/210) quickrun is up-to-date...
    - (130/210) package-lint is up-to-date...
    - (131/210) flycheck-popup-tip is up-to-date...
    - (132/210) flycheck is up-to-date...
    - (133/210) vterm is up-to-date...
    - (134/210) git-modes is up-to-date...
    - (135/210) git-timemachine is up-to-date...
    - (136/210) browse-at-remote is up-to-date...
    - (137/210) vundo is up-to-date...
    - (138/210) undo-fu-session is up-to-date...
    - (139/210) undo-fu is up-to-date...
    - (140/210) diredfl is up-to-date...
    - (141/210) dirvish is up-to-date...
    - (142/210) doom-snippets is up-to-date...
    - (143/210) auto-yasnippet is up-to-date...
    - (144/210) evil-vimish-fold is up-to-date...
    - (145/210) vimish-fold is up-to-date...
    - (146/210) yasnippet is up-to-date...
    - (147/210) evil-collection is up-to-date...
    - (148/210) evil-quick-diff is up-to-date...
    - (149/210) exato is up-to-date...
    - (150/210) evil-visualstar is up-to-date...
    - (151/210) evil-traces is up-to-date...
    - (152/210) evil-textobj-anyblock is up-to-date...
    - (153/210) evil-surround is up-to-date...
    - (154/210) evil-snipe is up-to-date...
    - (155/210) evil-numbers is up-to-date...
    - (156/210) evil-nerd-commenter is up-to-date...
    - (157/210) evil-lion is up-to-date...
    - (158/210) evil-indent-plus is up-to-date...
    - (159/210) evil-exchange is up-to-date...
    - (160/210) evil-escape is up-to-date...
    - (161/210) evil-embrace is up-to-date...
    - (162/210) evil-easymotion is up-to-date...
    - (163/210) evil-args is up-to-date...
    - (164/210) evil is up-to-date...
    - (165/210) persp-mode is up-to-date...
    - (166/210) vi-tilde-fringe is up-to-date...
    - (167/210) diff-hl is up-to-date...
    - (168/210) evil-goggles is up-to-date...
    - (169/210) neotree is up-to-date...
    - (170/210) evil-anzu is up-to-date...
    - (171/210) anzu is up-to-date...
    - (172/210) doom-modeline is up-to-date...
    - (173/210) hl-todo is up-to-date...
    - (174/210) solaire-mode is up-to-date...
    - (175/210) doom-themes is up-to-date...
    - (176/210) consult-yasnippet is up-to-date...
    - (177/210) wgrep is up-to-date...
    - (178/210) marginalia is up-to-date...
    - (179/210) embark-consult is up-to-date...
    - (180/210) embark is up-to-date...
    - (181/210) consult-flycheck is up-to-date...
    - (182/210) consult-dir is up-to-date...
    - (183/210) consult is up-to-date...
    - (184/210) orderless is up-to-date...
    - (185/210) vertico is up-to-date...
    - (186/210) yasnippet-capf is up-to-date...
    - (187/210) cape is up-to-date...
    - (188/210) corfu is up-to-date...
    - (189/210) which-key is up-to-date...
    - (190/210) general is up-to-date...
    - (191/210) project is up-to-date...
    - (192/210) projectile is up-to-date...
    - (193/210) ws-butler is up-to-date...
    - (194/210) smartparens is up-to-date...
    - (195/210) dtrt-indent is up-to-date...
    - (196/210) better-jumper is up-to-date...
    - (197/210) restart-emacs is up-to-date...
    - (198/210) hide-mode-line is up-to-date...
    - (199/210) nerd-icons is up-to-date...
    - (200/210) gcmh is up-to-date...
    - (201/210) compat is up-to-date...
    - (202/210) auto-minor-mode is up-to-date...
    - (203/210) use-package is up-to-date...
    - (204/210) bind-key is up-to-date...
    - (205/210) straight is up-to-date...
    ✓ All 210 packages are up-to-date
  > Purging orphaned packages (for the emperor)...
    - Skipping builds
    - Skipping elpa packages
    - Skipping repos
    - Skipping regrafting
    - Skipping native bytecode
  > (Re)building profile in ~/.config/emacs/.local/etc/@/...
    > Generating 4 init files...
    ✓ Built init.30.1.el
  - Restart Emacs for changes to take effect
✓ Finished in 2m 48s
